============================= test session starts ==============================
platform darwin -- Python 3.9.6, pytest-8.4.2, pluggy-1.6.0
rootdir: /Users/abhinavmaheshwari/Documents/ELITE_BREAKOUT_SYSTEM
configfile: pytest.ini
testpaths: tests
plugins: mock-3.15.1, flask-1.3.0, cov-7.1.0
collected 530 items

tests/performance/test_regression.py ss                                  [  0%]
tests/performance/test_scaling.py .                                      [  0%]
tests/test_acquisition_routing_v5.py .......                             [  1%]
tests/test_all_stock_types.py ............                               [  4%]
tests/test_all_symbol_mappings_cross_provider.py ..                      [  4%]
tests/test_api.py ...                                                    [  5%]
tests/test_architecture_invariants.py .........                          [  6%]
tests/test_architecture_verification_suite.py ....                       [  7%]
tests/test_audit_fixes.py .................                              [ 10%]
tests/test_bhavcopy_validator.py ...........                             [ 12%]
tests/test_breakout_engine_gap.py ..                                     [ 13%]
tests/test_business_rules.py .....                                       [ 14%]
tests/test_cache_state_machine.py .........                              [ 15%]
tests/test_component_alert.py ...                                        [ 16%]
tests/test_component_daily_builder.py ...                                [ 16%]
tests/test_component_scanner.py ...                                      [ 17%]
tests/test_component_scoring.py ....                                     [ 18%]
tests/test_component_sl_target.py ....                                   [ 19%]
tests/test_config.py ..                                                  [ 19%]
tests/test_corporate_actions_validator.py .........                      [ 21%]
tests/test_corporate_events.py ........                                  [ 22%]
tests/test_data_provider.py ....                                         [ 23%]
tests/test_data_quality.py .....                                         [ 24%]
tests/test_database.py ..............                                    [ 26%]
tests/test_dead_symbols_ttl.py .                                         [ 27%]
tests/test_delivery_cache.py ...                                         [ 27%]
tests/test_delivery_validator.py ..............                          [ 30%]
tests/test_dependency_rules.py .                                         [ 30%]
tests/test_e2e_scenarios.py .                                            [ 30%]
tests/test_earnings_calendar.py ..                                       [ 31%]
tests/test_eod_scanner_safety.py .......                                 [ 32%]
tests/test_exit_logic.py ...                                             [ 33%]
tests/test_external_api_data_validation.py ......                        [ 34%]
tests/test_f01_to_f07_quant_engine.py .....                              [ 35%]
tests/test_f13_advanced_analytics.py ....                                [ 35%]
tests/test_fault_injection.py ......                                     [ 36%]
tests/test_forensic_engine.py .......                                    [ 38%]
tests/test_fort_knox_pullback.py ...........                             [ 40%]
tests/test_frontend_syntax.py ......                                     [ 41%]
tests/test_fundamentals_cache.py ...                                     [ 42%]
tests/test_golden_pipeline.py .                                          [ 42%]
tests/test_golden_rules.py ....                                          [ 43%]
tests/test_golden_scenarios.py ............                              [ 45%]
tests/test_golden_system_lock.py ..........                              [ 47%]
tests/test_import_validity.py .                                          [ 47%]
tests/test_institutional_scoring.py ....                                 [ 48%]
tests/test_macro_utils.py ....                                           [ 48%]
tests/test_memory_cleanup_smoke.py .                                     [ 49%]
tests/test_multibagger_fixes.py .......F.F                               [ 50%]
tests/test_nplus1_loopholes.py .                                         [ 51%]
tests/test_phase3_features.py .....                                      [ 52%]
tests/test_pipeline_e2e.py ...                                           [ 52%]
tests/test_price_cache_ipo.py ..                                         [ 53%]
tests/test_price_cache_robust.py .                                       [ 53%]
tests/test_production_deployment_gates.py .................              [ 56%]
tests/test_pullback_pipeline.py .                                        [ 56%]
tests/test_quality_trajectory.py .....                                   [ 57%]
tests/test_realtime_ingestion_pipeline.py ...                            [ 58%]
tests/test_registry.py .......                                           [ 59%]
tests/test_regression_snapshots.py .                                     [ 59%]
tests/test_release_gate.py ...                                           [ 60%]
tests/test_reversal_scanner_safety.py ..........................         [ 65%]
tests/test_scanner_execution_history.py ......                           [ 66%]
tests/test_scanner_runtime.py ......                                     [ 67%]
tests/test_scanner_smoke.py .................                            [ 70%]
tests/test_scanner_stop_resume.py ...                                    [ 71%]
tests/test_scheduler.py ...                                              [ 71%]
tests/test_scoring.py ...                                                [ 72%]
tests/test_session_architecture.py ......                                [ 73%]
tests/test_snapshot_manager.py .....                                     [ 74%]
tests/test_stock_analyzer.py .................................           [ 80%]
tests/test_swing_utils.py .........                                      [ 82%]
tests/test_symbol_format_validator.py ................................   [ 88%]
tests/test_symbol_master_validator.py .........                          [ 90%]
tests/test_symbol_resolution_service.py ........                         [ 91%]
tests/test_v5_financial.py ....                                          [ 92%]
tests/test_v5_gates.py .......                                           [ 93%]
tests/test_v5_growth.py ...                                              [ 94%]
tests/test_v5_market.py ...                                              [ 94%]
tests/test_v5_quality.py ...                                             [ 95%]
tests/test_v5_technical.py ....                                          [ 96%]
tests/test_v5_valuation.py ...                                           [ 96%]
tests/test_v7_snapshot.py ...                                            [ 97%]
tests/test_v7_target_engine.py ...                                       [ 97%]
tests/test_watchlist_batch_delete.py .                                   [ 97%]
tests/test_wealth_engine.py ..                                           [ 98%]
tests/test_wealth_engine_safety.py .........                             [100%]

=================================== FAILURES ===================================
______________ test_pipeline_failure_continues_subsequent_symbols ______________

    def test_pipeline_failure_continues_subsequent_symbols():
        """Test 9: Exception in run_pipeline_for_symbol logs exception and continues remaining symbols."""
        symbols = ["FAILSYM", "PROFILESYM"]
        today_str = datetime.now(IST).date().isoformat()
    
        mock_price = MagicMock()
        mock_price.symbol = "FAILSYM"
        mock_price.price = 100.0
        mock_price.sma_200 = 90.0
        mock_price.sma_50 = 95.0
        mock_price.ema_20 = 98.0
        mock_price.latest_volume = 100000.0
        mock_price.volume_sma20 = 50000.0
        mock_price.turnover_20d = 5000000.0
        mock_price.last_trade_date = today_str
        mock_price.high_52w = 110.0
        mock_price.mom_6m = 0.10
    
        mock_price2 = MagicMock()
        mock_price2.symbol = "PROFILESYM"
        mock_price2.price = 200.0
        mock_price2.sma_200 = 180.0
        mock_price2.sma_50 = 190.0
        mock_price2.ema_20 = 195.0
        mock_price2.latest_volume = 200000.0
        mock_price2.volume_sma20 = 100000.0
        mock_price2.turnover_20d = 10000000.0
        mock_price2.last_trade_date = today_str
        mock_price2.high_52w = 220.0
        mock_price2.mom_6m = 0.20
    
        price_map = {"FAILSYM": mock_price, "PROFILESYM": mock_price2}
    
        def mock_pipeline(sym, *args, **kwargs):
            if sym == "FAILSYM":
                raise ValueError("Malformed pipeline data")
            res = MagicMock()
            res.is_invalidated = False
            res.composite_score = 80.0
            res.quality.score = 70.0
            res.valuation.score = 60.0
            res.market_structure.score = 15.0
            res.buy_zone.buy_zone_low = 190.0
            res.buy_zone.buy_zone_high = 210.0
            res.buy_zone.in_buy_zone = True
            return res
    
        with patch("constituent_service.fetch_constituents", return_value=symbols), \
             patch("multibagger.init_db"), \
             patch("multibagger.batch_download_market_data", return_value=price_map), \
             patch("multibagger.load_cache", return_value={}), \
             patch("multibagger.save_fundamentals_cache"), \
             patch("multibagger.get_cached_fundamentals", side_effect=lambda sym, c: {"symbol": sym}), \
             patch("multibagger.passes_multibagger_quality_gate", return_value=(True, "")), \
             patch("multibagger.run_pipeline_for_symbol", side_effect=mock_pipeline), \
             patch("multibagger.run_exit_monitor"), \
             patch("multibagger.upsert_scanner_health"), \
             patch("multibagger.get_connection"):
    
>           res_dict = _start_wrapper(debug_limit=None, is_test_mode=True)

tests/test_multibagger_fixes.py:328: 
_ _ _ _ _ _ _ _ _ _ _ _ _ _ _ _ _ _ _ _ _ _ _ _ _ _ _ _ _ _ _ _ _ _ _ _ _ _ _ _ 

debug_limit = None, is_test_mode = True

    def _start_wrapper(debug_limit: int = None, is_test_mode: bool = False):
        """Main scanning wrapper."""
        import time
        start_time = time.time()
        from perf_utils import ScannerStageTracker
        stage_tracker = ScannerStageTracker("MULTIBAGGER_SCANNER")
        stage_tracker.start_stage(1, "Universe & Market Data Fetch", "Loading constituents and batch downloading prices")
        duration_sec = 0.0
        alerts_count = 0
        results = []
        fundamentals_list = []
    
        logger.info("🚀 Multibagger Scanner execution started...")
        init_db()
    
        # Load fundamentals cache
        cache = load_cache()
    
        # 1. Fetch constituents
        from constituent_service import fetch_constituents
        symbols = fetch_constituents()
        if not symbols:
            logger.error("❌ Failed to fetch any constituent stocks. Aborting scan.")
            raise RuntimeError("Failed to fetch NSE constituent stocks. NSE API might be blocking the IP or rate-limiting.")
    
        stage_tracker.total_symbols = len(symbols)
    
        # [VERSION: SCANNER_DIAG_LOG_v1.0] Watchlist fingerprint for cross-run comparison
        import hashlib
        _wl_stocks = sorted(symbols)
        _wl_hash = hashlib.md5("|".join(_wl_stocks).encode()).hexdigest()[:12]
        logger.info(f"📋 [MULTIBAGGER] Watchlist fingerprint: {len(symbols)} stocks | hash={_wl_hash}")
    
        if debug_limit:
            logger.info(f"🧪 [DEBUG MODE] Limiting scan universe to {debug_limit} symbols.")
            symbols = symbols[:debug_limit]
    
        # 2. Phase 1: Batch Download Price & Volume Metrics (using auto_adjust=False)
        symbols = list(set(symbols))
>       price_data_map = batch_download_market_data(symbols, session=session)
E       NameError: name 'session' is not defined

app/multibagger.py:1653: NameError
------------------------------ Captured log call -------------------------------
INFO     perf_utils:perf_utils.py:486 ⏱️ [MULTIBAGGER_SCANNER] STEP 1: Universe & Market Data Fetch started (Loading constituents and batch downloading prices)
INFO     multibagger:multibagger.py:1626 🚀 Multibagger Scanner execution started...
INFO     multibagger:multibagger.py:1645 📋 [MULTIBAGGER] Watchlist fingerprint: 2 stocks | hash=314ae670a7a1
__________________ test_save_alert_if_new_exception_handling ___________________

    def test_save_alert_if_new_exception_handling():
        """Test 4: Exception during save_alert_if_new does not break scanner loop."""
        symbols = ["DBSYM"]
        today_str = datetime.now(IST).date().isoformat()
    
        mock_price = MagicMock()
        mock_price.symbol = "DBSYM"
        mock_price.price = 100.0
        mock_price.sma_200 = 90.0
        mock_price.sma_50 = 95.0
        mock_price.ema_20 = 98.0
        mock_price.latest_volume = 100000.0
        mock_price.volume_sma20 = 50000.0
        mock_price.turnover_20d = 5000000.0
        mock_price.last_trade_date = today_str
        mock_price.high_52w = 110.0
        mock_price.mom_6m = 0.20
        mock_price.today_open = 99.0
        mock_price.today_close = 100.0
    
        mock_v5_res = MagicMock()
        mock_v5_res.is_invalidated = False
        mock_v5_res.composite_score = 90.0
        mock_v5_res.quality.score = 80.0
        mock_v5_res.valuation.score = 70.0
        mock_v5_res.market_structure.score = 20.0
        mock_v5_res.buy_zone.buy_zone_low = 90.0
        mock_v5_res.buy_zone.buy_zone_high = 110.0
        mock_v5_res.buy_zone.in_buy_zone = True
    
        with patch("constituent_service.fetch_constituents", return_value=symbols), \
             patch("multibagger.init_db"), \
             patch("multibagger.batch_download_market_data", return_value={"DBSYM": mock_price}), \
             patch("multibagger.load_cache", return_value={}), \
             patch("multibagger.save_fundamentals_cache"), \
             patch("multibagger.get_cached_fundamentals", return_value={"symbol": "DBSYM"}), \
             patch("multibagger.passes_multibagger_quality_gate", return_value=(True, "")), \
             patch("multibagger.run_pipeline_for_symbol", return_value=mock_v5_res), \
             patch("live_prices.get_live_prices", return_value={"DBSYM": 100.0}), \
             patch("multibagger.save_alert_if_new", side_effect=Exception("DB pool exhausted")), \
             patch("multibagger.run_exit_monitor"), \
             patch("multibagger.upsert_scanner_health"), \
             patch("multibagger.get_connection"):
    
            # Should complete gracefully despite save_alert_if_new raising an Exception
>           res = _start_wrapper(debug_limit=None, is_test_mode=False)

tests/test_multibagger_fixes.py:407: 
_ _ _ _ _ _ _ _ _ _ _ _ _ _ _ _ _ _ _ _ _ _ _ _ _ _ _ _ _ _ _ _ _ _ _ _ _ _ _ _ 

debug_limit = None, is_test_mode = False

    def _start_wrapper(debug_limit: int = None, is_test_mode: bool = False):
        """Main scanning wrapper."""
        import time
        start_time = time.time()
        from perf_utils import ScannerStageTracker
        stage_tracker = ScannerStageTracker("MULTIBAGGER_SCANNER")
        stage_tracker.start_stage(1, "Universe & Market Data Fetch", "Loading constituents and batch downloading prices")
        duration_sec = 0.0
        alerts_count = 0
        results = []
        fundamentals_list = []
    
        logger.info("🚀 Multibagger Scanner execution started...")
        init_db()
    
        # Load fundamentals cache
        cache = load_cache()
    
        # 1. Fetch constituents
        from constituent_service import fetch_constituents
        symbols = fetch_constituents()
        if not symbols:
            logger.error("❌ Failed to fetch any constituent stocks. Aborting scan.")
            raise RuntimeError("Failed to fetch NSE constituent stocks. NSE API might be blocking the IP or rate-limiting.")
    
        stage_tracker.total_symbols = len(symbols)
    
        # [VERSION: SCANNER_DIAG_LOG_v1.0] Watchlist fingerprint for cross-run comparison
        import hashlib
        _wl_stocks = sorted(symbols)
        _wl_hash = hashlib.md5("|".join(_wl_stocks).encode()).hexdigest()[:12]
        logger.info(f"📋 [MULTIBAGGER] Watchlist fingerprint: {len(symbols)} stocks | hash={_wl_hash}")
    
        if debug_limit:
            logger.info(f"🧪 [DEBUG MODE] Limiting scan universe to {debug_limit} symbols.")
            symbols = symbols[:debug_limit]
    
        # 2. Phase 1: Batch Download Price & Volume Metrics (using auto_adjust=False)
        symbols = list(set(symbols))
>       price_data_map = batch_download_market_data(symbols, session=session)
E       NameError: name 'session' is not defined

app/multibagger.py:1653: NameError
------------------------------ Captured log call -------------------------------
INFO     perf_utils:perf_utils.py:486 ⏱️ [MULTIBAGGER_SCANNER] STEP 1: Universe & Market Data Fetch started (Loading constituents and batch downloading prices)
INFO     multibagger:multibagger.py:1626 🚀 Multibagger Scanner execution started...
INFO     multibagger:multibagger.py:1645 📋 [MULTIBAGGER] Watchlist fingerprint: 1 stocks | hash=7248615d5187
=========================== short test summary info ============================
FAILED tests/test_multibagger_fixes.py::test_pipeline_failure_continues_subsequent_symbols
FAILED tests/test_multibagger_fixes.py::test_save_alert_if_new_exception_handling
============= 2 failed, 526 passed, 2 skipped in 266.11s (0:04:26) =============
